exports[`>>>TABLE --- Snapshot +++capturing Snapshot of Table 1`] = `
<div
  className="container">
  <table
    style={
      Object {
        "border-style": "solid",
      }
    }>
    <tbody>
      <tr>
        <th>
          CAC40
        </th>
        <td
          style={
            Object {
              "padding": "5px",
            }
          }>
          39.45
        </td>
        <td
          style={
            Object {
              "padding": "5px",
            }
          }>
          0
        </td>
        <td
          style={
            Object {
              "padding": "5px",
            }
          }>
          0
        </td>
        <td
          style={
            Object {
              "padding": "5px",
            }
          }>
          0
        </td>
        <td
          style={
            Object {
              "padding": "5px",
            }
          }>
          0
        </td>
        <td
          style={
            Object {
              "padding": "5px",
            }
          }>
          0
        </td>
        <td
          style={
            Object {
              "padding": "5px",
            }
          }>
          0
        </td>
        <td
          style={
            Object {
              "padding": "5px",
            }
          }>
          0
        </td>
        <td
          style={
            Object {
              "padding": "5px",
            }
          }>
          0
        </td>
        <td
          style={
            Object {
              "padding": "5px",
            }
          }>
          0
        </td>
        <td
          style={
            Object {
              "padding": "5px",
            }
          }>
          0
        </td>
        <td
          style={
            Object {
              "padding": "5px",
            }
          }>
          0
        </td>
        <td
          style={
            Object {
              "padding": "5px",
            }
          }>
          0
        </td>
        <td
          style={
            Object {
              "padding": "5px",
            }
          }>
          0
        </td>
        <td
          style={
            Object {
              "padding": "5px",
            }
          }>
          0
        </td>
        <td
          style={
            Object {
              "padding": "5px",
            }
          }>
          0
        </td>
        <td
          style={
            Object {
              "padding": "5px",
            }
          }>
          0
        </td>
        <td
          style={
            Object {
              "padding": "5px",
            }
          }>
          0
        </td>
        <td
          style={
            Object {
              "padding": "5px",
            }
          }>
          0
        </td>
        <td
          style={
            Object {
              "padding": "5px",
            }
          }>
          0
        </td>
      </tr>
      <tr>
        <th>
          NASDAQ
        </th>
        <td
          style={
            Object {
              "padding": "5px",
            }
          }>
          5.41
        </td>
        <td
          style={
            Object {
              "padding": "5px",
            }
          }>
          0
        </td>
        <td
          style={
            Object {
              "padding": "5px",
            }
          }>
          0
        </td>
        <td
          style={
            Object {
              "padding": "5px",
            }
          }>
          0
        </td>
        <td
          style={
            Object {
              "padding": "5px",
            }
          }>
          0
        </td>
        <td
          style={
            Object {
              "padding": "5px",
            }
          }>
          0
        </td>
        <td
          style={
            Object {
              "padding": "5px",
            }
          }>
          0
        </td>
        <td
          style={
            Object {
              "padding": "5px",
            }
          }>
          0
        </td>
        <td
          style={
            Object {
              "padding": "5px",
            }
          }>
          0
        </td>
        <td
          style={
            Object {
              "padding": "5px",
            }
          }>
          0
        </td>
        <td
          style={
            Object {
              "padding": "5px",
            }
          }>
          0
        </td>
        <td
          style={
            Object {
              "padding": "5px",
            }
          }>
          0
        </td>
        <td
          style={
            Object {
              "padding": "5px",
            }
          }>
          0
        </td>
        <td
          style={
            Object {
              "padding": "5px",
            }
          }>
          0
        </td>
        <td
          style={
            Object {
              "padding": "5px",
            }
          }>
          0
        </td>
        <td
          style={
            Object {
              "padding": "5px",
            }
          }>
          0
        </td>
        <td
          style={
            Object {
              "padding": "5px",
            }
          }>
          0
        </td>
        <td
          style={
            Object {
              "padding": "5px",
            }
          }>
          0
        </td>
        <td
          style={
            Object {
              "padding": "5px",
            }
          }>
          0
        </td>
        <td
          style={
            Object {
              "padding": "5px",
            }
          }>
          0
        </td>
      </tr>
    </tbody>
  </table>
</div>
`;
